2026-02-19 10:08:18,895 - harvest_manager - INFO - 
🚀 STARTING MULTI-PUMP SYNC
2026-02-19 10:08:18,895 - harvest_manager - INFO - Pumps: ['881235', '901161470', '1539514']
2026-02-19 10:08:18,895 - harvest_manager - INFO - ============================================================
2026-02-19 10:08:18,895 - harvest_manager - INFO - 
📡 Syncing pump 881235...
2026-02-19 10:08:18,895 - harvest_manager - INFO - 
🚀 STARTING SYNC FOR PUMP 881235
2026-02-19 10:08:18,895 - harvest_manager - INFO - ============================================================
2026-02-19 10:08:18,896 - harvest_manager - INFO - 🔍 Detecting data availability for pump 881235...
2026-02-19 10:08:20,559 - harvest_manager - INFO -    Testing recent data: 2026-01-20 to 2026-02-19
2026-02-19 10:08:25,233 - harvest_manager - INFO -    Testing 2024: 2024-01-01 to 2024-01-31
2026-02-19 10:09:09,597 - harvest_manager - INFO -    ❌ No data in 2024
2026-02-19 10:09:09,597 - harvest_manager - INFO -    Testing 2023: 2023-01-01 to 2023-01-31
2026-02-19 10:09:41,951 - harvest_manager - INFO -    ❌ No data in 2023
2026-02-19 10:09:41,951 - harvest_manager - INFO -    Testing 2022: 2022-01-01 to 2022-01-31
2026-02-19 10:12:35,521 - harvest_manager - INFO -    ❌ No data in 2022
2026-02-19 10:12:35,522 - harvest_manager - INFO -    Testing 2021: 2021-01-01 to 2021-01-31
2026-02-19 10:12:43,628 - harvest_manager - INFO -    ❌ No data in 2021
2026-02-19 10:12:43,628 - harvest_manager - INFO -    Testing 2020: 2020-01-01 to 2020-01-31
2026-02-19 10:12:47,921 - harvest_manager - INFO -    ❌ No data in 2020
2026-02-19 10:12:47,922 - harvest_manager - INFO -    Testing 2019: 2019-01-01 to 2019-01-31
2026-02-19 10:12:52,188 - harvest_manager - INFO -    ❌ No data in 2019
2026-02-19 10:12:52,188 - harvest_manager - WARNING - Could not determine data range for pump 881235
2026-02-19 10:12:52,189 - harvest_manager - ERROR - Could not detect data range for pump 881235
2026-02-19 10:12:52,189 - harvest_manager - INFO - 
📡 Syncing pump 901161470...
2026-02-19 10:12:52,189 - harvest_manager - INFO - 
🚀 STARTING SYNC FOR PUMP 901161470
2026-02-19 10:12:52,189 - harvest_manager - INFO - ============================================================
2026-02-19 10:12:52,189 - harvest_manager - INFO - 🔍 Detecting data availability for pump 901161470...
2026-02-19 10:12:54,112 - harvest_manager - INFO -    Testing recent data: 2026-01-20 to 2026-02-19
2026-02-19 10:12:56,592 - harvest_manager - INFO -    Testing 2024: 2024-01-01 to 2024-01-31
2026-02-19 10:13:16,670 - harvest_manager - INFO -    ❌ No data in 2024
2026-02-19 10:13:16,670 - harvest_manager - INFO -    Testing 2023: 2023-01-01 to 2023-01-31
2026-02-19 10:13:20,918 - harvest_manager - INFO -    ❌ No data in 2023
2026-02-19 10:13:20,918 - harvest_manager - INFO -    Testing 2022: 2022-01-01 to 2022-01-31
2026-02-19 10:13:25,507 - harvest_manager - INFO -    ❌ No data in 2022
2026-02-19 10:13:25,507 - harvest_manager - INFO -    Testing 2021: 2021-01-01 to 2021-01-31
2026-02-19 10:13:28,491 - harvest_manager - INFO -    ❌ No data in 2021
2026-02-19 10:13:28,491 - harvest_manager - INFO -    Testing 2020: 2020-01-01 to 2020-01-31
2026-02-19 10:13:32,856 - harvest_manager - INFO -    ❌ No data in 2020
2026-02-19 10:13:32,856 - harvest_manager - INFO -    Testing 2019: 2019-01-01 to 2019-01-31
2026-02-19 10:13:37,424 - harvest_manager - INFO -    ❌ No data in 2019
2026-02-19 10:13:37,424 - harvest_manager - WARNING - Could not determine data range for pump 901161470
2026-02-19 10:13:37,424 - harvest_manager - ERROR - Could not detect data range for pump 901161470
2026-02-19 10:13:37,425 - harvest_manager - INFO - 
📡 Syncing pump 1539514...
2026-02-19 10:13:37,425 - harvest_manager - INFO - 
🚀 STARTING SYNC FOR PUMP 1539514
2026-02-19 10:13:37,425 - harvest_manager - INFO - ============================================================
2026-02-19 10:13:37,425 - harvest_manager - INFO - 🔍 Detecting data availability for pump 1539514...
2026-02-19 10:13:39,089 - harvest_manager - INFO -    Testing recent data: 2026-01-20 to 2026-02-19
2026-02-19 10:14:10,001 - harvest_manager - INFO -    Testing 2024: 2024-01-01 to 2024-01-31
2026-02-19 10:15:46,368 - harvest_manager - INFO -    ❌ No data in 2024
2026-02-19 10:15:46,369 - harvest_manager - INFO -    Testing 2023: 2023-01-01 to 2023-01-31
2026-02-19 10:17:24,317 - harvest_manager - INFO -    ❌ No data in 2023
2026-02-19 10:17:24,317 - harvest_manager - INFO -    Testing 2022: 2022-01-01 to 2022-01-31
2026-02-19 10:19:05,693 - harvest_manager - INFO -    ❌ No data in 2022
2026-02-19 10:19:05,693 - harvest_manager - INFO -    Testing 2021: 2021-01-01 to 2021-01-31
2026-02-19 10:20:40,823 - harvest_manager - INFO -    ❌ No data in 2021
2026-02-19 10:20:40,823 - harvest_manager - INFO -    Testing 2020: 2020-01-01 to 2020-01-31
2026-02-19 10:22:15,354 - harvest_manager - INFO -    ❌ No data in 2020
2026-02-19 10:22:15,354 - harvest_manager - INFO -    Testing 2019: 2019-01-01 to 2019-01-31
2026-02-19 10:22:22,470 - harvest_manager - INFO -    ❌ No data in 2019
2026-02-19 10:22:22,470 - harvest_manager - WARNING - Could not determine data range for pump 1539514
2026-02-19 10:22:22,470 - harvest_manager - ERROR - Could not detect data range for pump 1539514
2026-02-19 10:22:22,472 - harvest_manager - INFO - 📊 Analytics saved: /home/lkshply/projects/bloodBender/bloodBath/bloodBank/merged/train/analytics/sync_analytics_20260219_102222.json
